This is pdfTeX, Version 3.141592653-2.6-1.40.27 (TeX Live 2026/dev/Arch Linux) (preloaded format=pdflatex 2026.1.16)  31 JAN 2026 13:34
entering extended mode
 \write18 enabled.
 file:line:error style messages enabled.
 %&-line parsing enabled.
**"/home/stefan/Desktop/Faculatate/Anul 1 Master/Anomaly Detection/Isolation_Forest/Latex/main"
(/home/stefan/Desktop/Faculatate/Anul 1 Master/Anomaly Detection/Isolation_Forest/Latex/main.tex
LaTeX2e <2024-11-01> patch level 2
L3 programming layer <2025-01-18>
(/usr/share/texmf-dist/tex/latex/base/article.cls
Document Class: article 2024/06/29 v1.4n Standard LaTeX document class
(/usr/share/texmf-dist/tex/latex/base/size10.clo
File: size10.clo 2024/06/29 v1.4n Standard LaTeX file (size option)
)
\c@part=\count196
\c@section=\count197
\c@subsection=\count198
\c@subsubsection=\count199
\c@paragraph=\count266
\c@subparagraph=\count267
\c@figure=\count268
\c@table=\count269
\abovecaptionskip=\skip49
\belowcaptionskip=\skip50
\bibindent=\dimen141
) (/usr/share/texmf-dist/tex/generic/babel/babel.sty
Package: babel 2025/02/14 v25.4 The multilingual framework for pdfLaTeX, LuaLaTeX and XeLaTeX
\babel@savecnt=\count270
\U@D=\dimen142
\l@unhyphenated=\language3
 (/usr/share/texmf-dist/tex/generic/babel/txtbabel.def)
\bbl@readstream=\read2
\bbl@dirlevel=\count271
 (/usr/share/texmf-dist/tex/generic/babel-english/english.ldf
Language: english 2017/06/06 v3.3r English support from the babel system
Package babel Info: Hyphen rules for 'british' set to \l@english
(babel)             (\language0). Reported on input line 82.
Package babel Info: Hyphen rules for 'UKenglish' set to \l@english
(babel)             (\language0). Reported on input line 83.
Package babel Info: Hyphen rules for 'canadian' set to \l@english
(babel)             (\language0). Reported on input line 102.
Package babel Info: Hyphen rules for 'australian' set to \l@english
(babel)             (\language0). Reported on input line 105.
Package babel Info: Hyphen rules for 'newzealand' set to \l@english
(babel)             (\language0). Reported on input line 108.
)) (/usr/share/texmf-dist/tex/generic/babel/locale/en/babel-english.tex
Package babel Info: Importing font and identification data for english
(babel)             from babel-en.ini. Reported on input line 11.
) (/usr/share/texmf-dist/tex/latex/tools/bm.sty
Package: bm 2023/12/19 v1.2f Bold Symbol Support (DPC/FMi)
\symboldoperators=\mathgroup4
\symboldletters=\mathgroup5
\symboldsymbols=\mathgroup6
Package bm Info: No bold for \OMX/cmex/m/n, using \pmb.
LaTeX Font Info:    Redeclaring math alphabet \mathbf on input line 149.
) (/usr/share/texmf-dist/tex/latex/base/inputenc.sty
Package: inputenc 2024/02/08 v1.3d Input encoding file
\inpenc@prehook=\toks17
\inpenc@posthook=\toks18
) (/usr/share/texmf-dist/tex/latex/base/fontenc.sty
Package: fontenc 2021/04/29 v2.0v Standard LaTeX package
) (/usr/share/texmf-dist/tex/latex/amsmath/amsmath.sty
Package: amsmath 2024/11/05 v2.17t AMS math features
\@mathmargin=\skip51

For additional information on amsmath, use the `?' option.
(/usr/share/texmf-dist/tex/latex/amsmath/amstext.sty
Package: amstext 2021/08/26 v2.01 AMS text
 (/usr/share/texmf-dist/tex/latex/amsmath/amsgen.sty
File: amsgen.sty 1999/11/30 v2.0 generic functions
\@emptytoks=\toks19
\ex@=\dimen143
)) (/usr/share/texmf-dist/tex/latex/amsmath/amsbsy.sty
Package: amsbsy 1999/11/29 v1.2d Bold Symbols
LaTeX Info: Redefining \boldsymbol on input line 28.
\pmbraise@=\dimen144
) (/usr/share/texmf-dist/tex/latex/amsmath/amsopn.sty
Package: amsopn 2022/04/08 v2.04 operator names
)
\inf@bad=\count272
LaTeX Info: Redefining \frac on input line 233.
\uproot@=\count273
\leftroot@=\count274
LaTeX Info: Redefining \overline on input line 398.
LaTeX Info: Redefining \colon on input line 409.
\classnum@=\count275
\DOTSCASE@=\count276
LaTeX Info: Redefining \ldots on input line 495.
LaTeX Info: Redefining \dots on input line 498.
LaTeX Info: Redefining \cdots on input line 619.
\Mathstrutbox@=\box52
\strutbox@=\box53
LaTeX Info: Redefining \big on input line 721.
LaTeX Info: Redefining \Big on input line 722.
LaTeX Info: Redefining \bigg on input line 723.
LaTeX Info: Redefining \Bigg on input line 724.
\big@size=\dimen145
LaTeX Font Info:    Redeclaring font encoding OML on input line 742.
LaTeX Font Info:    Redeclaring font encoding OMS on input line 743.
\macc@depth=\count277
LaTeX Info: Redefining \bmod on input line 904.
LaTeX Info: Redefining \pmod on input line 909.
LaTeX Info: Redefining \smash on input line 939.
LaTeX Info: Redefining \relbar on input line 969.
LaTeX Info: Redefining \Relbar on input line 970.
\c@MaxMatrixCols=\count278
\dotsspace@=\muskip17
\c@parentequation=\count279
\dspbrk@lvl=\count280
\tag@help=\toks20
\row@=\count281
\column@=\count282
\maxfields@=\count283
\andhelp@=\toks21
\eqnshift@=\dimen146
\alignsep@=\dimen147
\tagshift@=\dimen148
\tagwidth@=\dimen149
\totwidth@=\dimen150
\lineht@=\dimen151
\@envbody=\toks22
\multlinegap=\skip52
\multlinetaggap=\skip53
\mathdisplay@stack=\toks23
LaTeX Info: Redefining \[ on input line 2953.
LaTeX Info: Redefining \] on input line 2954.
) (/usr/share/texmf-dist/tex/latex/amsfonts/amssymb.sty
Package: amssymb 2013/01/14 v3.01 AMS font symbols
 (/usr/share/texmf-dist/tex/latex/amsfonts/amsfonts.sty
Package: amsfonts 2013/01/14 v3.01 Basic AMSFonts support
\symAMSa=\mathgroup7
\symAMSb=\mathgroup8
LaTeX Font Info:    Redeclaring math symbol \hbar on input line 98.
LaTeX Font Info:    Overwriting math alphabet `\mathfrak' in version `bold'
(Font)                  U/euf/m/n --> U/euf/b/n on input line 106.
)) (/usr/share/texmf-dist/tex/latex/amscls/amsthm.sty
Package: amsthm 2020/05/29 v2.20.6
\thm@style=\toks24
\thm@bodyfont=\toks25
\thm@headfont=\toks26
\thm@notefont=\toks27
\thm@headpunct=\toks28
\thm@preskip=\skip54
\thm@postskip=\skip55
\thm@headsep=\skip56
\dth@everypar=\toks29
) (/usr/share/texmf-dist/tex/latex/booktabs/booktabs.sty
Package: booktabs 2020/01/12 v1.61803398 Publication quality tables
\heavyrulewidth=\dimen152
\lightrulewidth=\dimen153
\cmidrulewidth=\dimen154
\belowrulesep=\dimen155
\belowbottomsep=\dimen156
\aboverulesep=\dimen157
\abovetopsep=\dimen158
\cmidrulesep=\dimen159
\cmidrulekern=\dimen160
\defaultaddspace=\dimen161
\@cmidla=\count284
\@cmidlb=\count285
\@aboverulesep=\dimen162
\@belowrulesep=\dimen163
\@thisruleclass=\count286
\@lastruleclass=\count287
\@thisrulewidth=\dimen164
) (/usr/share/texmf-dist/tex/latex/hyperref/hyperref.sty
Package: hyperref 2024-11-05 v7.01l Hypertext links for LaTeX
 (/usr/share/texmf-dist/tex/generic/iftex/iftex.sty
Package: iftex 2024/12/12 v1.0g TeX engine tests
) (/usr/share/texmf-dist/tex/latex/graphics/keyval.sty
Package: keyval 2022/05/29 v1.15 key=value parser (DPC)
\KV@toks@=\toks30
) (/usr/share/texmf-dist/tex/latex/kvsetkeys/kvsetkeys.sty
Package: kvsetkeys 2022-10-05 v1.19 Key value parser (HO)
) (/usr/share/texmf-dist/tex/generic/kvdefinekeys/kvdefinekeys.sty
Package: kvdefinekeys 2019-12-19 v1.6 Define keys (HO)
) (/usr/share/texmf-dist/tex/generic/pdfescape/pdfescape.sty
Package: pdfescape 2019/12/09 v1.15 Implements pdfTeX's escape features (HO)
 (/usr/share/texmf-dist/tex/generic/ltxcmds/ltxcmds.sty
Package: ltxcmds 2023-12-04 v1.26 LaTeX kernel commands for general use (HO)
) (/usr/share/texmf-dist/tex/generic/pdftexcmds/pdftexcmds.sty
Package: pdftexcmds 2020-06-27 v0.33 Utility functions of pdfTeX for LuaTeX (HO)
 (/usr/share/texmf-dist/tex/generic/infwarerr/infwarerr.sty
Package: infwarerr 2019/12/03 v1.5 Providing info/warning/error messages (HO)
)
Package pdftexcmds Info: \pdf@primitive is available.
Package pdftexcmds Info: \pdf@ifprimitive is available.
Package pdftexcmds Info: \pdfdraftmode found.
)) (/usr/share/texmf-dist/tex/latex/hycolor/hycolor.sty
Package: hycolor 2020-01-27 v1.10 Color options for hyperref/bookmark (HO)
) (/usr/share/texmf-dist/tex/latex/hyperref/nameref.sty
Package: nameref 2023-11-26 v2.56 Cross-referencing by name of section
 (/usr/share/texmf-dist/tex/latex/refcount/refcount.sty
Package: refcount 2019/12/15 v3.6 Data extraction from label references (HO)
) (/usr/share/texmf-dist/tex/generic/gettitlestring/gettitlestring.sty
Package: gettitlestring 2019/12/15 v1.6 Cleanup title references (HO)
 (/usr/share/texmf-dist/tex/latex/kvoptions/kvoptions.sty
Package: kvoptions 2022-06-15 v3.15 Key value format for package options (HO)
))
\c@section@level=\count288
) (/usr/share/texmf-dist/tex/latex/etoolbox/etoolbox.sty
Package: etoolbox 2025/02/11 v2.5l e-TeX tools for LaTeX (JAW)
\etb@tempcnta=\count289
) (/usr/share/texmf-dist/tex/generic/stringenc/stringenc.sty
Package: stringenc 2019/11/29 v1.12 Convert strings between diff. encodings (HO)
)
\@linkdim=\dimen165
\Hy@linkcounter=\count290
\Hy@pagecounter=\count291
 (/usr/share/texmf-dist/tex/latex/hyperref/pd1enc.def
File: pd1enc.def 2024-11-05 v7.01l Hyperref: PDFDocEncoding definition (HO)
Now handling font encoding PD1 ...
... no UTF-8 mapping file for font encoding PD1
) (/usr/share/texmf-dist/tex/generic/intcalc/intcalc.sty
Package: intcalc 2019/12/15 v1.3 Expandable calculations with integers (HO)
)
\Hy@SavedSpaceFactor=\count292
 (/usr/share/texmf-dist/tex/latex/hyperref/puenc.def
File: puenc.def 2024-11-05 v7.01l Hyperref: PDF Unicode definition (HO)
Now handling font encoding PU ...
... no UTF-8 mapping file for font encoding PU
)
Package hyperref Info: Hyper figures OFF on input line 4157.
Package hyperref Info: Link nesting OFF on input line 4162.
Package hyperref Info: Hyper index ON on input line 4165.
Package hyperref Info: Plain pages OFF on input line 4172.
Package hyperref Info: Backreferencing OFF on input line 4177.
Package hyperref Info: Implicit mode ON; LaTeX internals redefined.
Package hyperref Info: Bookmarks ON on input line 4424.
\c@Hy@tempcnt=\count293
 (/usr/share/texmf-dist/tex/latex/url/url.sty
\Urlmuskip=\muskip18
Package: url 2013/09/16  ver 3.4  Verb mode for urls, etc.
)
LaTeX Info: Redefining \url on input line 4763.
\XeTeXLinkMargin=\dimen166
 (/usr/share/texmf-dist/tex/generic/bitset/bitset.sty
Package: bitset 2019/12/09 v1.3 Handle bit-vector datatype (HO)
 (/usr/share/texmf-dist/tex/generic/bigintcalc/bigintcalc.sty
Package: bigintcalc 2019/12/15 v1.5 Expandable calculations on big integers (HO)
))
\Fld@menulength=\count294
\Field@Width=\dimen167
\Fld@charsize=\dimen168
Package hyperref Info: Hyper figures OFF on input line 6042.
Package hyperref Info: Link nesting OFF on input line 6047.
Package hyperref Info: Hyper index ON on input line 6050.
Package hyperref Info: backreferencing OFF on input line 6057.
Package hyperref Info: Link coloring OFF on input line 6062.
Package hyperref Info: Link coloring with OCG OFF on input line 6067.
Package hyperref Info: PDF/A mode OFF on input line 6072.
 (/usr/share/texmf-dist/tex/latex/base/atbegshi-ltx.sty
Package: atbegshi-ltx 2021/01/10 v1.0c Emulation of the original atbegshi
package with kernel methods
)
\Hy@abspage=\count295
\c@Item=\count296
\c@Hfootnote=\count297
)
Package hyperref Info: Driver (autodetected): hpdftex.
 (/usr/share/texmf-dist/tex/latex/hyperref/hpdftex.def
File: hpdftex.def 2024-11-05 v7.01l Hyperref driver for pdfTeX
 (/usr/share/texmf-dist/tex/latex/base/atveryend-ltx.sty
Package: atveryend-ltx 2020/08/19 v1.0a Emulation of the original atveryend package
with kernel methods
)
\Fld@listcount=\count298
\c@bookmark@seq@number=\count299
 (/usr/share/texmf-dist/tex/latex/rerunfilecheck/rerunfilecheck.sty
Package: rerunfilecheck 2022-07-10 v1.10 Rerun checks for auxiliary files (HO)
 (/usr/share/texmf-dist/tex/generic/uniquecounter/uniquecounter.sty
Package: uniquecounter 2019/12/15 v1.4 Provide unlimited unique counter (HO)
)
Package uniquecounter Info: New unique counter `rerunfilecheck' on input line 285.
)
\Hy@SectionHShift=\skip57
) (/usr/share/texmf-dist/tex/latex/graphics/graphicx.sty
Package: graphicx 2021/09/16 v1.2d Enhanced LaTeX Graphics (DPC,SPQR)
 (/usr/share/texmf-dist/tex/latex/graphics/graphics.sty
Package: graphics 2024/08/06 v1.4g Standard LaTeX Graphics (DPC,SPQR)
 (/usr/share/texmf-dist/tex/latex/graphics/trig.sty
Package: trig 2023/12/02 v1.11 sin cos tan (DPC)
) (/usr/share/texmf-dist/tex/latex/graphics-cfg/graphics.cfg
File: graphics.cfg 2016/06/04 v1.11 sample graphics configuration
)
Package graphics Info: Driver file: pdftex.def on input line 106.
 (/usr/share/texmf-dist/tex/latex/graphics-def/pdftex.def
File: pdftex.def 2024/04/13 v1.2c Graphics/color driver for pdftex
))
\Gin@req@height=\dimen169
\Gin@req@width=\dimen170
) (/usr/share/texmf-dist/tex/latex/geometry/geometry.sty
Package: geometry 2020/01/02 v5.9 Page Geometry
 (/usr/share/texmf-dist/tex/generic/iftex/ifvtex.sty
Package: ifvtex 2019/10/25 v1.7 ifvtex legacy package. Use iftex instead.
)
\Gm@cnth=\count300
\Gm@cntv=\count301
\c@Gm@tempcnt=\count302
\Gm@bindingoffset=\dimen171
\Gm@wd@mp=\dimen172
\Gm@odd@mp=\dimen173
\Gm@even@mp=\dimen174
\Gm@layoutwidth=\dimen175
\Gm@layoutheight=\dimen176
\Gm@layouthoffset=\dimen177
\Gm@layoutvoffset=\dimen178
\Gm@dimlist=\toks31
) (/usr/share/texmf-dist/tex/latex/enumitem/enumitem.sty
Package: enumitem 2025/02/06 v3.11 Customized lists
\labelindent=\skip58
\enit@outerparindent=\dimen179
\enit@toks=\toks32
\enit@inbox=\box54
\enit@count@id=\count303
\enitdp@description=\count304
) (/usr/share/texmf-dist/tex/latex/xcolor/xcolor.sty
Package: xcolor 2024/09/29 v3.02 LaTeX color extensions (UK)
 (/usr/share/texmf-dist/tex/latex/graphics-cfg/color.cfg
File: color.cfg 2016/01/02 v1.6 sample color configuration
)
Package xcolor Info: Driver file: pdftex.def on input line 274.
 (/usr/share/texmf-dist/tex/latex/graphics/mathcolor.ltx)
Package xcolor Info: Model `cmy' substituted by `cmy0' on input line 1349.
Package xcolor Info: Model `hsb' substituted by `rgb' on input line 1353.
Package xcolor Info: Model `RGB' extended on input line 1365.
Package xcolor Info: Model `HTML' substituted by `rgb' on input line 1367.
Package xcolor Info: Model `Hsb' substituted by `hsb' on input line 1368.
Package xcolor Info: Model `tHsb' substituted by `hsb' on input line 1369.
Package xcolor Info: Model `HSB' substituted by `hsb' on input line 1370.
Package xcolor Info: Model `Gray' substituted by `gray' on input line 1371.
Package xcolor Info: Model `wave' substituted by `hsb' on input line 1372.
) (/usr/share/texmf-dist/tex/latex/listings/listings.sty
\lst@mode=\count305
\lst@gtempboxa=\box55
\lst@token=\toks33
\lst@length=\count306
\lst@currlwidth=\dimen180
\lst@column=\count307
\lst@pos=\count308
\lst@lostspace=\dimen181
\lst@width=\dimen182
\lst@newlines=\count309
\lst@lineno=\count310
\lst@maxwidth=\dimen183
 (/usr/share/texmf-dist/tex/latex/listings/lstpatch.sty
File: lstpatch.sty 2024/09/23 1.10c (Carsten Heinz)
) (/usr/share/texmf-dist/tex/latex/listings/lstmisc.sty
File: lstmisc.sty 2024/09/23 1.10c (Carsten Heinz)
\c@lstnumber=\count311
\lst@skipnumbers=\count312
\lst@framebox=\box56
) (/usr/share/texmf-dist/tex/latex/listings/listings.cfg
File: listings.cfg 2024/09/23 1.10c listings configuration
))
Package: listings 2024/09/23 1.10c (Carsten Heinz)
 (/usr/share/texmf-dist/tex/latex/float/float.sty
Package: float 2001/11/08 v1.3d Float enhancements (AL)
\c@float@type=\count313
\float@exts=\toks34
\float@box=\box57
\@float@everytoks=\toks35
\@floatcapt=\box58
) (/usr/share/texmf-dist/tex/latex/titlesec/titlesec.sty
Package: titlesec 2025/01/04 v2.17 Sectioning titles
\ttl@box=\box59
\beforetitleunit=\skip59
\aftertitleunit=\skip60
\ttl@plus=\dimen184
\ttl@minus=\dimen185
\ttl@toksa=\toks36
\titlewidth=\dimen186
\titlewidthlast=\dimen187
\titlewidthfirst=\dimen188
) (/usr/share/texmf-dist/tex/latex/multirow/multirow.sty
Package: multirow 2024/11/12 v2.9 Span multiple rows of a table
\multirow@colwidth=\skip61
\multirow@cntb=\count314
\multirow@dima=\skip62
\bigstrutjot=\dimen189
) (/usr/share/texmf-dist/tex/latex/l3backend/l3backend-pdftex.def
File: l3backend-pdftex.def 2024-05-08 L3 backend support: PDF output (pdfTeX)
\l__color_backend_stack_int=\count315
\l__pdf_internal_box=\box60
) (./main.aux)
\openout1 = `main.aux'.

LaTeX Font Info:    Checking defaults for OML/cmm/m/it on input line 26.
LaTeX Font Info:    ... okay on input line 26.
LaTeX Font Info:    Checking defaults for OMS/cmsy/m/n on input line 26.
LaTeX Font Info:    ... okay on input line 26.
LaTeX Font Info:    Checking defaults for OT1/cmr/m/n on input line 26.
LaTeX Font Info:    ... okay on input line 26.
LaTeX Font Info:    Checking defaults for T1/cmr/m/n on input line 26.
LaTeX Font Info:    ... okay on input line 26.
LaTeX Font Info:    Checking defaults for TS1/cmr/m/n on input line 26.
LaTeX Font Info:    ... okay on input line 26.
LaTeX Font Info:    Checking defaults for OMX/cmex/m/n on input line 26.
LaTeX Font Info:    ... okay on input line 26.
LaTeX Font Info:    Checking defaults for U/cmr/m/n on input line 26.
LaTeX Font Info:    ... okay on input line 26.
LaTeX Font Info:    Checking defaults for PD1/pdf/m/n on input line 26.
LaTeX Font Info:    ... okay on input line 26.
LaTeX Font Info:    Checking defaults for PU/pdf/m/n on input line 26.
LaTeX Font Info:    ... okay on input line 26.
Package hyperref Info: Link coloring OFF on input line 26.
 (./main.out) (./main.out)
\@outlinefile=\write3
\openout3 = `main.out'.

 (/usr/share/texmf-dist/tex/context/base/mkii/supp-pdf.mkii
[Loading MPS to PDF converter (version 2006.09.02).]
\scratchcounter=\count316
\scratchdimen=\dimen190
\scratchbox=\box61
\nofMPsegments=\count317
\nofMParguments=\count318
\everyMPshowfont=\toks37
\MPscratchCnt=\count319
\MPscratchDim=\dimen191
\MPnumerator=\count320
\makeMPintoPDFobject=\count321
\everyMPtoPDFconversion=\toks38
) (/usr/share/texmf-dist/tex/latex/epstopdf-pkg/epstopdf-base.sty
Package: epstopdf-base 2020-01-24 v2.11 Base part for package epstopdf
Package epstopdf-base Info: Redefining graphics rule for `.eps' on input line 485.
 (/usr/share/texmf-dist/tex/latex/latexconfig/epstopdf-sys.cfg
File: epstopdf-sys.cfg 2010/07/13 v1.3 Configuration of (r)epstopdf for TeX Live
))
*geometry* driver: auto-detecting
*geometry* detected driver: pdftex
*geometry* verbose mode - [ preamble ] result:
* driver: pdftex
* paper: a4paper
* layout: <same size as paper>
* layoutoffset:(h,v)=(0.0pt,0.0pt)
* modes: 
* h-part:(L,W,R)=(89.62709pt, 418.25368pt, 89.6271pt)
* v-part:(T,H,B)=(101.40665pt, 591.5302pt, 152.11pt)
* \paperwidth=597.50787pt
* \paperheight=845.04684pt
* \textwidth=418.25368pt
* \textheight=591.5302pt
* \oddsidemargin=17.3571pt
* \evensidemargin=17.3571pt
* \topmargin=-7.86334pt
* \headheight=12.0pt
* \headsep=25.0pt
* \topskip=10.0pt
* \footskip=30.0pt
* \marginparwidth=4.0pt
* \marginparsep=10.0pt
* \columnsep=10.0pt
* \skip\footins=9.0pt plus 4.0pt minus 2.0pt
* \hoffset=0.0pt
* \voffset=0.0pt
* \mag=1000
* \@twocolumntrue
* \@twosidefalse
* \@mparswitchfalse
* \@reversemarginfalse
* (1in=72.27pt=25.4mm, 1cm=28.453pt)

\c@lstlisting=\count322
(./title_page.tex
LaTeX Font Info:    Trying to load font information for U+msa on input line 14.
 (/usr/share/texmf-dist/tex/latex/amsfonts/umsa.fd
File: umsa.fd 2013/01/14 v3.01 AMS symbols A
)
LaTeX Font Info:    Trying to load font information for U+msb on input line 14.
 (/usr/share/texmf-dist/tex/latex/amsfonts/umsb.fd
File: umsb.fd 2013/01/14 v3.01 AMS symbols B
)

[1


{/var/lib/texmf/fonts/map/pdftex/updmap/pdftex.map}{/usr/share/texmf-dist/fonts/enc/dvips/cm-super/cm-super-t1.enc}]) (./David/abstract.tex
Underfull \hbox (badness 1571) in paragraph at lines 3--4
\T1/cmr/m/n/10 Isolation For-est is a pop-u-lar un-su-per-vised
 []


Underfull \hbox (badness 1496) in paragraph at lines 3--4
\T1/cmr/m/n/10 come iso-lated. While the stan-dard al-go-
 []


Underfull \hbox (badness 2460) in paragraph at lines 5--6
\T1/cmr/m/n/10 vari-ants, fo-cus-ing on how hy-per-pa-ram-e-ter
 []

) (./Stefan/introduction.tex


Underfull \hbox (badness 2189) in paragraph at lines 7--8
\T1/cmr/m/n/10 Meth-ods such as $\OML/cmm/m/it/10 k$\T1/cmr/m/n/10 -Nearest Neigh-bors (k-
 []


Underfull \hbox (badness 10000) in paragraph at lines 9--10
[]\T1/cmr/m/n/10 In con-trast, isolation-based meth-
 []


Underfull \hbox (badness 1888) in paragraph at lines 9--10
\T1/cmr/m/n/10 in ran-dom split se-lec-tion. The Fair-Cut
 []


Underfull \hbox (badness 1337) in paragraph at lines 9--10
\T1/cmr/m/n/10 split point uni-formly at ran-dom from the
 []




pdfTeX warning (ext4): destination with the same identifier (name{page.1}) has been already used, duplicate ignored
<to be read again> 
                   \relax 
l.12 
      [1

]
Underfull \hbox (badness 1400) in paragraph at lines 16--17
[]\T1/cmr/m/n/10 We bench-mark the com-pu-ta-tional ef-fi-
 []

) (./Stefan/stateOfTheArt.tex



[2{/usr/share/texmf-dist/fonts/enc/dvips/cm-super/cm-super-ts1.enc}]) (./Stefan/algorithm.tex


Underfull \hbox (badness 7851) in paragraph at lines 33--33
|[]\T1/cmr/bx/n/12 Forest Con-struc-tion Al-go-
 []



[3]



[4]



[5]) (./David/isotree_algorithm_overview.tex
Underfull \hbox (badness 4608) in paragraph at lines 10--11
[]\T1/cmr/bx/n/10 RRCF\T1/cmr/m/n/10 : Ro-bust Ran-dom Cut For-est
 []

(/usr/share/texmf-dist/tex/latex/listings/lstlang1.sty
File: lstlang1.sty 2024/09/23 1.10c listings language file
) (/usr/share/texmf-dist/tex/latex/listings/lstlang1.sty
File: lstlang1.sty 2024/09/23 1.10c listings language file
) (/usr/share/texmf-dist/tex/latex/listings/lstmisc.sty
File: lstmisc.sty 2024/09/23 1.10c (Carsten Heinz)
)
Overfull \hbox (71.80789pt too wide) in paragraph at lines 18--19
[][][][][][][][][][][][][][][][][][][][][][][][][] 
 []


Overfull \hbox (11.82208pt too wide) in paragraph at lines 20--21
[][][][][][][][][][][][][][] 
 []


Overfull \hbox (65.80931pt too wide) in paragraph at lines 29--30
[][][][][][][][][][][][][][][][][][][][][][][][][] 
 []


Overfull \hbox (83.80505pt too wide) in paragraph at lines 30--31
[][][][][][][][][][][][][][][][][][][][] 
 []


Underfull \hbox (badness 1515) in paragraph at lines 34--35
[]\T1/cmr/m/n/10 Predictions for dif-fer-ent ob-ser-va-tions are
 []




Underfull \hbox (badness 10000) in paragraph at lines 53--54
[][][][][][][][][][][][]
 []


Overfull \hbox (5.8235pt too wide) in paragraph at lines 53--54
[][][][][][][][][][][][] 
 []


Underfull \hbox (badness 10000) in paragraph at lines 54--55
[][][][][][][][][][][][]
 []


Underfull \hbox (badness 10000) in paragraph at lines 55--56
[][][][][][][][][][][][]
 []


Overfull \hbox (185.78093pt too wide) in paragraph at lines 56--57
[][][][][][][][][][][][][][][][][][][][][][][] 
 []


Underfull \hbox (badness 10000) in paragraph at lines 57--58
[][][][][][][][][][][][]
 []


Underfull \hbox (badness 10000) in paragraph at lines 58--59
[][][][][][][][][][][][]
 []


Underfull \hbox (badness 10000) in paragraph at lines 59--60
[][][][][][][][][][][][]
 []


Underfull \hbox (badness 10000) in paragraph at lines 60--61
[][][][][][][][][][][][]
 []


Underfull \hbox (badness 10000) in paragraph at lines 61--62
[][][][][][][][][][][][]
 []


Underfull \hbox (badness 10000) in paragraph at lines 62--63
[][][][][][][][][][][][]
 []


Underfull \hbox (badness 10000) in paragraph at lines 64--65
[][][][][][][][][][][][]
 []


Underfull \hbox (badness 10000) in paragraph at lines 68--68
|[]\T1/cmr/bx/n/10 IsoHPlane: Ex-tend-ed/Hy-per-
 []


Underfull \hbox (badness 10000) in paragraph at lines 74--75
[][][][][][][][][][][][]
 []


Underfull \hbox (badness 10000) in paragraph at lines 75--76
[][][][][][][][][][][][]
 []



[6]
Underfull \hbox (badness 10000) in paragraph at lines 76--77
[][][][][][][][][][][][]
 []


Overfull \hbox (29.81783pt too wide) in paragraph at lines 76--77
[][][][][][][][][][][][][] 
 []


Underfull \hbox (badness 10000) in paragraph at lines 77--78
[][][][][][][][][][][][]
 []


Overfull \hbox (5.8235pt too wide) in paragraph at lines 77--78
[][][][][][][][][][][] 
 []


Underfull \hbox (badness 10000) in paragraph at lines 78--79
[][][][][][][][][][][][]
 []


Overfull \hbox (11.82208pt too wide) in paragraph at lines 78--79
[][][][][][][][][][][][][] 
 []


Overfull \hbox (203.77667pt too wide) in paragraph at lines 79--81
[][][][][][][][][][][][][][][][][][][][][][][] 
 []


Underfull \hbox (badness 10000) in paragraph at lines 81--82
[][][][][][][]
 []


Underfull \hbox (badness 10000) in paragraph at lines 81--82
[][][][][]
 []


Underfull \hbox (badness 10000) in paragraph at lines 82--83
[][][][][][][]
 []


Underfull \hbox (badness 10000) in paragraph at lines 82--83
[][][][][]
 []


Underfull \hbox (badness 10000) in paragraph at lines 83--84
[][][][][][][]
 []


Underfull \hbox (badness 10000) in paragraph at lines 83--84
[][][][][]
 []


Underfull \hbox (badness 10000) in paragraph at lines 85--86
[][][][][][][]
 []


Overfull \hbox (71.80789pt too wide) in paragraph at lines 94--95
[][][][][][][][][][][][][][][][][][][]
 []


Underfull \hbox (badness 10000) in paragraph at lines 95--96
[][][][][][][]
 []


Underfull \hbox (badness 10000) in paragraph at lines 95--96
[][][][][]
 []


Underfull \hbox (badness 10000) in paragraph at lines 96--97
[][][][][][][]
 []


Underfull \hbox (badness 10000) in paragraph at lines 96--97
[][][][][]
 []


Underfull \hbox (badness 10000) in paragraph at lines 97--98
[][][][][][][]
 []


Underfull \hbox (badness 10000) in paragraph at lines 97--98
[][][][][]
 []


Underfull \hbox (badness 10000) in paragraph at lines 98--99
[][][][][][][]
 []


Underfull \hbox (badness 10000) in paragraph at lines 98--99
[][][][][]
 []


Underfull \hbox (badness 10000) in paragraph at lines 99--100
[][][][][][][]
 []


Underfull \hbox (badness 10000) in paragraph at lines 99--100
[][][][][]
 []


Underfull \hbox (badness 10000) in paragraph at lines 100--101
[][][][][][][]
 []


Underfull \hbox (badness 10000) in paragraph at lines 100--101
[][][][][]
 []




Underfull \hbox (badness 10000) in paragraph at lines 101--102
[][][][][][][]
 []


Overfull \hbox (41.81499pt too wide) in paragraph at lines 101--102
[][][][][][][][][][][] 
 []


Underfull \hbox (badness 10000) in paragraph at lines 102--103
[][][][][][][]
 []


Overfull \hbox (95.80222pt too wide) in paragraph at lines 110--111
[][][][][][][][][][][][][][][][][][][]
 []


Overfull \hbox (11.82208pt too wide) in paragraph at lines 111--112
[][][][][][][][][][][][][][] 
 []


Overfull \hbox (17.82066pt too wide) in paragraph at lines 131--132
[][][][][][][][][][][][][][] 
 []


Overfull \hbox (155.78802pt too wide) in paragraph at lines 132--133
[][][][][][][][][][][][][][][][][][][][][][][][] 
 []


Overfull \hbox (47.81357pt too wide) in paragraph at lines 133--134
[][][][][][][][][][][][][][] 
 []


Overfull \hbox (53.81215pt too wide) in paragraph at lines 135--136
[][][][][][][][][][][][][][] 
 []


Overfull \hbox (110.40677pt too wide) in paragraph at lines 147--161
 [][] 
 []



[7]
Overfull \hbox (73.0225pt too wide) in paragraph at lines 170--180
 [][] 
 []


Overfull \hbox (73.0225pt too wide) in paragraph at lines 185--195
 [][] 
 []

) (./Mina/experiments.tex
Underfull \vbox (badness 10000) has occurred while \output is active []





[8
pdfTeX warning (ext4): destination with the same identifier (name{table.1}) has been already used, duplicate ignored
<argument> ...shipout:D \box_use:N \l_shipout_box 
                                                  \__shipout_drop_firstpage_...
l.41 
     
pdfTeX warning (ext4): destination with the same identifier (name{table.2}) has been already used, duplicate ignored
<argument> ...shipout:D \box_use:N \l_shipout_box 
                                                  \__shipout_drop_firstpage_...
l.41 
     
pdfTeX warning (ext4): destination with the same identifier (name{table.3}) has been already used, duplicate ignored
<argument> ...shipout:D \box_use:N \l_shipout_box 
                                                  \__shipout_drop_firstpage_...
l.41 
     
pdfTeX warning (ext4): destination with the same identifier (name{table.4}) has been already used, duplicate ignored
<argument> ...shipout:D \box_use:N \l_shipout_box 
                                                  \__shipout_drop_firstpage_...
l.41 
     ]
Overfull \hbox (13.41565pt too wide) in paragraph at lines 58--113
 [][] 
 []


Overfull \hbox (13.41565pt too wide) in paragraph at lines 123--178
 [][] 
 []




Underfull \hbox (badness 1354) in paragraph at lines 195--197
\T1/cmr/m/n/10 PR-AUC dis-tin-guishes the guided meth-ods
 []


Underfull \hbox (badness 1281) in paragraph at lines 201--203
\T1/cmr/m/n/10 of guid-ance in SCi-For-est ($\OML/cmm/m/it/10 ntry$ \T1/cmr/m/n/10 and range
 []


Underfull \hbox (badness 2134) in paragraph at lines 204--205
\T1/cmr/m/n/10 ta-ble high-light-ing the scoring-metric ef-fect
 []


Overfull \hbox (24.88133pt too wide) in paragraph at lines 312--325
 [][] 
 []



[9]



[10
pdfTeX warning (ext4): destination with the same identifier (name{table.5}) has been already used, duplicate ignored
<argument> ...shipout:D \box_use:N \l_shipout_box 
                                                  \__shipout_drop_firstpage_...
l.353 
      
pdfTeX warning (ext4): destination with the same identifier (name{table.6}) has been already used, duplicate ignored
<argument> ...shipout:D \box_use:N \l_shipout_box 
                                                  \__shipout_drop_firstpage_...
l.353 
      ]
Underfull \hbox (badness 6445) in paragraph at lines 355--358
\T1/cmtt/m/n/10 pandas\T1/cmr/m/n/10 , \T1/cmtt/m/n/10 scikit-learn\T1/cmr/m/n/10 , \T1/cmtt/m/n/10 scipy\T1/cmr/m/n/10 , and the
 []


Underfull \hbox (badness 7203) in paragraph at lines 355--358
\T1/cmr/m/n/10 au-thors' \T1/cmtt/m/n/10 isotree \T1/cmr/m/n/10 li-brary (Cortes). A
 []


Underfull \hbox (badness 7012) in paragraph at lines 363--364
[] []\T1/cmr/bx/n/10 Repli-ca-tion runs (Sec-tion []5.1[])[] \T1/cmr/m/n/10 This
 []


Underfull \hbox (badness 10000) in paragraph at lines 363--364
\T1/cmr/m/n/10 script eval-u-ates IF/IF-u/EIF/SCiF/SCiF-
 []


Overfull \hbox (0.57318pt too wide) in paragraph at lines 367--367
[]\T1/cmtt/m/n/10 # output: anomaly_detection_results.csv[] 
 []




Underfull \hbox (badness 10000) in paragraph at lines 379--380
[]\T1/cmtt/m/n/10 anomaly_detection_results.csv \T1/cmr/m/n/10 ---
 []

) (./Mina/conclusion.tex
Underfull \hbox (badness 7777) in paragraph at lines 1--1
|[]\T1/cmr/bx/n/14.4 Conclusion and Fu-ture
 []



[11
pdfTeX warning (ext4): destination with the same identifier (name{table.7}) has been already used, duplicate ignored
<argument> ...shipout:D \box_use:N \l_shipout_box 
                                                  \__shipout_drop_firstpage_...
l.10 
     ]


Underfull \vbox (badness 10000) has occurred while \output is active []



[12
pdfTeX warning (ext4): destination with the same identifier (name{table.8}) has been already used, duplicate ignored
<argument> ...shipout:D \box_use:N \l_shipout_box 
                                                  \__shipout_drop_firstpage_...
l.14 
     
pdfTeX warning (ext4): destination with the same identifier (name{table.9}) has been already used, duplicate ignored
<argument> ...shipout:D \box_use:N \l_shipout_box 
                                                  \__shipout_drop_firstpage_...
l.14 
     ]
Underfull \hbox (badness 4266) in paragraph at lines 19--20
[]\T1/cmr/bx/n/10 Implementation-faithful EIF com-
 []


Underfull \hbox (badness 10000) in paragraph at lines 21--22
[]\T1/cmr/bx/n/10 Hyperparameter se-lec-tion guide-
 []


Underfull \hbox (badness 1565) in paragraph at lines 21--22
\T1/cmr/bx/n/10 lines. \T1/cmr/m/n/10 Use the sen-si-tiv-ity re-sults to
 []


Underfull \hbox (badness 1484) in paragraph at lines 21--22
\T1/cmr/m/n/10 de-rive prac-ti-cal heuris-tics for se-lect-ing
 []


Underfull \hbox (badness 1406) in paragraph at lines 21--22
\T1/cmr/m/n/10 ac-ter-is-tics (di-men-sion-al-ity, out-lier rate,
 []

) (./main.bbl


Underfull \hbox (badness 10000) in paragraph at lines 45--47
[]\T1/cmr/m/n/10 ------, ``Re-vis-it-ing ran-dom-ized choices
 []


Underfull \hbox (badness 10000) in paragraph at lines 45--47
\T1/cmr/m/n/10 in iso-la-tion forests,'' \T1/cmr/m/it/10 arXiv preprint
 []

)

[13] (./main.aux)
 ***********
LaTeX2e <2024-11-01> patch level 2
L3 programming layer <2025-01-18>
 ***********


LaTeX Warning: Label(s) may have changed. Rerun to get cross-references right.

Package rerunfilecheck Info: File `main.out' has not changed.
(rerunfilecheck)             Checksum: 398CBDFB57E07C8418379D09CD799E6F;6399.
 ) 
Here is how much of TeX's memory you used:
 15153 strings out of 475171
 227174 string characters out of 5767095
 884343 words of memory out of 5000000
 37747 multiletter control sequences out of 15000+600000
 590926 words of font info for 125 fonts, out of 8000000 for 9000
 14 hyphenation exceptions out of 8191
 75i,11n,79p,1468b,1942s stack positions out of 10000i,1000n,20000p,200000b,200000s
</usr/share/texmf-dist/fonts/type1/public/amsfonts/cm/cmbx10.pfb></usr/share/texmf-dist/fonts/type1/public/amsfonts/cm/cmbx5.pfb></usr/share/texmf-dist/fonts/type1/public/amsfonts/cm/cmex10.pfb></usr/share/texmf-dist/fonts/type1/public/amsfonts/cm/cmmi10.pfb></usr/share/texmf-dist/fonts/type1/public/amsfonts/cm/cmmi5.pfb></usr/share/texmf-dist/fonts/type1/public/amsfonts/cm/cmmi7.pfb></usr/share/texmf-dist/fonts/type1/public/amsfonts/cm/cmmi9.pfb></usr/share/texmf-dist/fonts/type1/public/amsfonts/cm/cmr10.pfb></usr/share/texmf-dist/fonts/type1/public/amsfonts/cm/cmr5.pfb></usr/share/texmf-dist/fonts/type1/public/amsfonts/cm/cmr7.pfb></usr/share/texmf-dist/fonts/type1/public/amsfonts/cm/cmsy10.pfb></usr/share/texmf-dist/fonts/type1/public/amsfonts/cm/cmsy7.pfb></usr/share/texmf-dist/fonts/type1/public/amsfonts/symbols/msbm10.pfb></usr/share/texmf-dist/fonts/type1/public/cm-super/sfbx0700.pfb></usr/share/texmf-dist/fonts/type1/public/cm-super/sfbx0900.pfb></usr/share/texmf-dist/fonts/type1/public/cm-super/sfbx1000.pfb></usr/share/texmf-dist/fonts/type1/public/cm-super/sfbx1200.pfb></usr/share/texmf-dist/fonts/type1/public/cm-super/sfbx1440.pfb></usr/share/texmf-dist/fonts/type1/public/cm-super/sfbx1728.pfb></usr/share/texmf-dist/fonts/type1/public/cm-super/sfbx2488.pfb></usr/share/texmf-dist/fonts/type1/public/cm-super/sfrm0700.pfb></usr/share/texmf-dist/fonts/type1/public/cm-super/sfrm0900.pfb></usr/share/texmf-dist/fonts/type1/public/cm-super/sfrm1000.pfb></usr/share/texmf-dist/fonts/type1/public/cm-super/sfrm1440.pfb></usr/share/texmf-dist/fonts/type1/public/cm-super/sfti1000.pfb></usr/share/texmf-dist/fonts/type1/public/cm-super/sfti2488.pfb></usr/share/texmf-dist/fonts/type1/public/cm-super/sftt1000.pfb>
Output written on main.pdf (14 pages, 472156 bytes).
PDF statistics:
 525 PDF objects out of 1000 (max. 8388607)
 449 compressed objects within 5 object streams
 152 named destinations out of 1000 (max. 500000)
 337 words of extra memory for PDF output out of 10000 (max. 10000000)

